<?xml version="1.0" encoding="UTF-8"?>
<testsuites name="jest tests" tests="1" failures="0" errors="0" time="0.821">
  <testsuite name="undefined" errors="0" failures="0" skipped="0" timestamp="2025-04-09T13:40:18" time="0.713" tests="1">
    <testcase classname=" Sample test" name=" Sample test" time="0.003">
    </testcase>
  </testsuite>
</testsuites>